       ****************************************************

                   Join the SWR Mailing List

              http://www.onelist.com/subscribe/swr

                             and 

                     vist the SWR homepage

             http://home.golden.net/~specs/swr.html

       ****************************************************
